src/components/AccessibilityView.tsx(2,20): error TS6133: 'Eye' is declared but its value is never read.
src/components/AccessibilityView.tsx(2,51): error TS6133: 'CheckCircle2' is declared but its value is never read.
src/components/AccessibilityView.tsx(2,65): error TS6133: 'AlertTriangle' is declared but its value is never read.
src/components/AccessibilityView.tsx(2,80): error TS6133: 'ShieldCheck' is declared but its value is never read.
src/components/AccessibilityView.tsx(3,52): error TS6133: 'getColorDetails' is declared but its value is never read.
src/components/CmsAdminView.tsx(4,3): error TS6133: 'CheckCircle2' is declared but its value is never read.
src/components/CmsAdminView.tsx(5,3): error TS6133: 'Clock' is declared but its value is never read.
src/components/CmsAdminView.tsx(9,3): error TS6133: 'Edit3' is declared but its value is never read.
src/components/CmsAdminView.tsx(10,3): error TS6133: 'Trash2' is declared but its value is never read.
src/components/CmsAdminView.tsx(11,3): error TS6133: 'Sparkles' is declared but its value is never read.
src/components/CmsAdminView.tsx(12,3): error TS6133: 'Eye' is declared but its value is never read.
src/components/CmsAdminView.tsx(16,3): error TS6133: 'TrendingUp' is declared but its value is never read.
src/components/CmsAdminView.tsx(17,3): error TS6133: 'Globe' is declared but its value is never read.
src/components/CmsAdminView.tsx(18,3): error TS6133: 'Sliders' is declared but its value is never read.
src/components/ColorSpaceLabView.tsx(2,10): error TS6133: 'SlidersHorizontal' is declared but its value is never read.
src/components/ColorSpaceLabView.tsx(2,52): error TS6133: 'Layers' is declared but its value is never read.
src/components/ColorSpaceLabView.tsx(2,60): error TS6133: 'ArrowRight' is declared but its value is never read.
src/components/ColorSpaceLabView.tsx(2,72): error TS6133: 'RefreshCw' is declared but its value is never read.
src/components/ColorSpaceLabView.tsx(2,83): error TS6133: 'Bookmark' is declared but its value is never read.
src/components/ColorSpaceLabView.tsx(3,27): error TS6133: 'hexToRgb' is declared but its value is never read.
src/components/ColorSpaceLabView.tsx(3,37): error TS6133: 'rgbToHex' is declared but its value is never read.
src/components/ColorSpaceLabView.tsx(12,3): error TS6133: 'onSaveToCollection' is declared but its value is never read.
src/components/ColorSpaceLabView.tsx(29,9): error TS6133: 'tonalScale' is declared but its value is never read.
src/components/CommandPalette.tsx(16,3): error TS6133: 'LayoutDashboard' is declared but its value is never read.
src/components/ExplorerView.tsx(11,3): error TS6133: 'ExternalLink' is declared but its value is never read.
src/components/ExplorerView.tsx(16,3): error TS6133: 'Share2' is declared but its value is never read.
src/components/ExplorerView.tsx(17,3): error TS6133: 'Copy' is declared but its value is never read.
src/components/ExportModal.tsx(2,42): error TS6133: 'FileCode' is declared but its value is never read.
src/components/ExportModal.tsx(2,52): error TS6133: 'Sliders' is declared but its value is never read.
src/components/FooterBar.tsx(2,24): error TS6133: 'Circle' is declared but its value is never read.
src/components/FooterBar.tsx(2,32): error TS6133: 'Sparkles' is declared but its value is never read.
src/components/FooterBar.tsx(2,42): error TS6133: 'Terminal' is declared but its value is never read.
src/components/HarmonicWheelView.tsx(4,3): error TS6133: 'Sliders' is declared but its value is never read.
src/components/HarmonicWheelView.tsx(5,3): error TS6133: 'ArrowRight' is declared but its value is never read.
src/components/HarmonicWheelView.tsx(6,3): error TS6133: 'Download' is declared but its value is never read.
src/components/HarmonicWheelView.tsx(15,3): error TS6133: 'Lock' is declared but its value is never read.
src/components/HarmonicWheelView.tsx(16,3): error TS6133: 'Unlock' is declared but its value is never read.
src/components/HarmonicWheelView.tsx(22,3): error TS6133: 'hslToRgb' is declared but its value is never read.
src/components/HarmonicWheelView.tsx(23,3): error TS6133: 'rgbToHex' is declared but its value is never read.
src/components/ImageExtractorView.tsx(6,3): error TS6133: 'Eye' is declared but its value is never read.
src/components/ImageExtractorView.tsx(11,12): error TS6133: 'ImageIcon' is declared but its value is never read.
src/components/ImageExtractorView.tsx(12,3): error TS6133: 'Sliders' is declared but its value is never read.
src/components/ImageExtractorView.tsx(13,3): error TS6133: 'ExternalLink' is declared but its value is never read.
src/components/ImageExtractorView.tsx(14,3): error TS6133: 'ShieldCheck' is declared but its value is never read.
src/components/Navbar.tsx(7,3): error TS6133: 'BookOpen' is declared but its value is never read.
src/components/Navbar.tsx(10,3): error TS6133: 'Bell' is declared but its value is never read.
src/components/Navbar.tsx(17,3): error TS6133: 'Maximize2' is declared but its value is never read.
src/components/Navbar.tsx(19,3): error TS6133: 'LayoutDashboard' is declared but its value is never read.
src/components/Navbar.tsx(46,3): error TS6133: 'userProfile' is declared but its value is never read.
src/components/Navbar.tsx(57,10): error TS6133: 'showGamutDropdown' is declared but its value is never read.
src/components/Navbar.tsx(57,29): error TS6133: 'setShowGamutDropdown' is declared but its value is never read.
src/components/ProfileView.tsx(6,3): error TS6133: 'Layers' is declared but its value is never read.
src/components/ProfileView.tsx(7,3): error TS6133: 'Code' is declared but its value is never read.
src/components/ProfileView.tsx(15,3): error TS6133: 'Share2' is declared but its value is never read.
src/components/ProfileView.tsx(16,3): error TS6133: 'ExternalLink' is declared but its value is never read.
src/components/ProfileView.tsx(25,3): error TS6133: 'SlidersHorizontal' is declared but its value is never read.
src/components/ProfileView.tsx(28,3): error TS6133: 'ShieldCheck' is declared but its value is never read.
src/components/ProfileView.tsx(79,3): error TS6133: 'onSaveToCollection' is declared but its value is never read.
src/components/ProjectsVaultView.tsx(5,3): error TS6133: 'Heart' is declared but its value is never read.
src/components/ProjectsVaultView.tsx(7,3): error TS6133: 'Code' is declared but its value is never read.
src/components/ProjectsVaultView.tsx(12,3): error TS6133: 'Sliders' is declared but its value is never read.
src/components/ProjectsVaultView.tsx(15,3): error TS6133: 'FolderPlus' is declared but its value is never read.
src/components/ProjectsVaultView.tsx(16,3): error TS6133: 'Tag' is declared but its value is never read.
src/components/ProjectsVaultView.tsx(18,3): error TS6133: 'ShieldCheck' is declared but its value is never read.
src/components/ProjectsVaultView.tsx(20,3): error TS6133: 'ArrowRight' is declared but its value is never read.
src/components/ProjectsVaultView.tsx(23,3): error TS6133: 'ExternalLink' is declared but its value is never read.
src/components/ProjectsVaultView.tsx(26,1): error TS6192: All imports in import declaration are unused.
src/components/SavePaletteModal.tsx(12,3): error TS6133: 'Tag' is declared but its value is never read.
src/components/SavePaletteModal.tsx(13,3): error TS6133: 'FileText' is declared but its value is never read.
src/components/SavePaletteModal.tsx(14,3): error TS6133: 'Sliders' is declared but its value is never read.
src/components/SavePaletteModal.tsx(15,3): error TS6133: 'ChevronRight' is declared but its value is never read.
src/components/SavePaletteModal.tsx(18,1): error TS6133: 'getColorDetails' is declared but its value is never read.
src/components/Sidebar.tsx(18,3): error TS6133: 'ChevronRight' is declared but its value is never read.
src/components/Sidebar.tsx(19,3): error TS6133: 'GitFork' is declared but its value is never read.
src/components/Sidebar.tsx(20,3): error TS6133: 'ExternalLink' is declared but its value is never read.
src/components/Sidebar.tsx(22,3): error TS6133: 'LayoutDashboard' is declared but its value is never read.
src/components/Sidebar.tsx(23,3): error TS6133: 'LogIn' is declared but its value is never read.
src/components/Sidebar.tsx(54,3): error TS6133: 'userProfile' is declared but its value is never read.
src/components/Sidebar.tsx(68,10): error TS6133: 'hoveredTab' is declared but its value is never read.
src/components/SubmitPaletteModal.tsx(2,30): error TS6133: 'CheckCircle2' is declared but its value is never read.
src/components/SubmitPaletteModal.tsx(19,18): error TS6133: 'setAuthor' is declared but its value is never read.
src/components/SubmitPaletteModal.tsx(20,18): error TS6133: 'setHandle' is declared but its value is never read.
src/components/UserAnalyticsDashboard.tsx(27,3): error TS6133: 'Filter' is declared but its value is never read.
src/components/UserAnalyticsDashboard.tsx(97,10): error TS6133: 'selectedGamutFilter' is declared but its value is never read.
src/components/UserAnalyticsDashboard.tsx(97,31): error TS6133: 'setSelectedGamutFilter' is declared but its value is never read.
src/components/UserPortalView.tsx(3,3): error TS6133: 'User' is declared but its value is never read.
src/components/UserPortalView.tsx(5,3): error TS6133: 'Heart' is declared but its value is never read.
src/components/UserPortalView.tsx(11,3): error TS6133: 'ExternalLink' is declared but its value is never read.
src/components/UserPortalView.tsx(13,3): error TS6133: 'Clock' is declared but its value is never read.
src/components/UserPortalView.tsx(14,3): error TS6133: 'Layers' is declared but its value is never read.
src/components/UserPortalView.tsx(16,3): error TS6133: 'ShieldAlert' is declared but its value is never read.
src/components/WcagTooltip.tsx(51,11): error TS6133: 'screenHeight' is declared but its value is never read.
